VIM editor

:WQ After this press ENTER to quit the VIM editor.
The 'wq' command in Linux is used in vi or vim editor to write (save) and quit.
The 'wq!' command is used to forcefully save changes and quit, even when the file is read-only.

1. Go to the folder structure of the project in the Git Bash.
Dell@DESKTOP-PEPNSPQ MINGW64 ~
$ pwd
/c/Users/Dell

Dell@DESKTOP-PEPNSPQ MINGW64 ~
$ cd ..

Dell@DESKTOP-PEPNSPQ MINGW64 /c/Users
$ cd ..

Dell@DESKTOP-PEPNSPQ MINGW64 /c
$ cd E:

Dell@DESKTOP-PEPNSPQ MINGW64 /e
$ cd Projects/

Dell@DESKTOP-PEPNSPQ MINGW64 /e/Projects
$ cd Project01

Dell@DESKTOP-PEPNSPQ MINGW64 /e/Projects/Project01 (master)


GIT - Version control system
GIT HUB - Project management system

git init = It is used to create a .git folder in which all the changes in all the files are tracked.

Dell@DESKTOP-PEPNSPQ MINGW64 /e/Projects/Project01 (master)
$ cd .git/
COMMIT_EDITMSG  HEAD            config          description     hooks/          index           info/           logs/           objects/        refs/


Dell@DESKTOP-PEPNSPQ MINGW64 /e/Projects/Project01 (master)
$ git add remote origin URL< repo>

We are remotly adding the file in the repository by mentioning the URL. 
Origin is a tag.

git add <path of the file > <path of the file >
git 


When we do git status, then we can get idea of whick file is added and which file is not added. 
We track the status of the files uploaded on github from a folder.
Dell@DESKTOP-PEPNSPQ MINGW64 /e/Projects/Project01 (master)
$ git status
On branch master
Untracked files:
  (use "git add <file>..." to include in what will be committed)
        Notes.txt

Dell@DESKTOP-PEPNSPQ MINGW64 /e/Projects/Project01 (master)
$ git log
commit 228d6717e1c23c6af242b2039e11d34a66cc8d73 (HEAD -> master)
Author: vinnie95 <vineet.krsingh95@gmail.com>
Date:   Thu Sep 12 13:04:16 2024 +0530

    Notes - starting with GIT

commit 398bd453125b4b8ac1b7668646ba062a4b0b60d8 (origin/master)
Author: vinnie95 <vineet.krsingh95@gmail.com>
Date:   Wed Sep 11 22:28:03 2024 +0530

    main file

(origin/master) -- This commit has reached to GIT HUB. This happens after git push.
(HEAD -> master) - This commit has not reached GIT HUB. So, we need to run git push for it.
